../Core/Src/imu_uart.c:238:19:IMU_UART_Init	8	static
../Core/Src/imu_uart.c:262:6:IMU_UART_HandleRxComplete	4	static
../Core/Src/imu_uart.c:274:6:IMU_UART_HandleError	8	static
../Core/Src/imu_uart.c:386:9:IMU_UART_IsReady	8	static
../Core/Src/imu_uart.c:392:10:IMU_UART_GetLastEulerTick	0	static
../Core/Src/imu_uart.c:397:10:IMU_UART_GetRxByteCount	0	static
../Core/Src/imu_uart.c:402:10:IMU_UART_GetValidFrameCount	0	static
../Core/Src/imu_uart.c:407:10:IMU_UART_GetEulerFrameCount	0	static
../Core/Src/imu_uart.c:412:10:IMU_UART_GetChecksumErrorCount	0	static
../Core/Src/imu_uart.c:417:10:IMU_UART_GetOverflowCount	0	static
../Core/Src/imu_uart.c:422:6:IMU_UART_GetAll	8	static
../Core/Src/imu_uart.c:430:19:IMU_UART_SendCommand	24	static
../Core/Src/imu_uart.c:285:6:IMU_UART_Process	64	static
